
> talentcrew@0.1.0 build
> cross-env CI=false react-scripts build

node.exe : (node:13308) [DEP0176] DeprecationWarning: fs.F_OK is deprecated, 
use fs.constants.F_OK instead
At line:1 char:1
+ & "C:\Program Files\nodejs/node.exe" "C:\Program Files\nodejs/node_mo ...
+ ~~~~~~~~~~~~~~~~~~~~~~~~~~~~~~~~~~~~~~~~~~~~~~~~~~~~~~~~~~~~~~~~~~~~~
    + CategoryInfo          : NotSpecified: ((node:13308) [D...ts.F_OK instead 
   :String) [], RemoteException
    + FullyQualifiedErrorId : NativeCommandError
 
(Use `node --trace-deprecation ...` to show where the warning was created)
Creating an optimized production build...
Compiled with warnings.

Critical dependency: the request of a dependency is an expression

[eslint] 
src\components\atoms\Modal\Modal.tsx
  Line 3:8:  'Icon' is defined but never used  @typescript-eslint/no-unused-vars

src\components\atoms\Tabs\Tabs.tsx
  Line 2:8:  'Button' is defined but never used  @typescript-eslint/no-unused-vars
  Line 3:8:  'Icon' is defined but never used    @typescript-eslint/no-unused-vars

src\components\auth\ProtectedLayout.tsx
  Line 8:13:  'user' is assigned a value but never used  @typescript-eslint/no-unused-vars

src\components\components\modals\MapApplicantsModal.tsx
  Line 3:8:     'DataTable' is defined but never used                               @typescript-eslint/no-unused-vars
  Line 9:3:     'applicantListAPI' is defined but never used                        @typescript-eslint/no-unused-vars
  Line 25:3:    'showInfoToast' is defined but never used                           @typescript-eslint/no-unused-vars
  Line 109:11:  'canReadCandidates' is assigned a value but never used              @typescript-eslint/no-unused-vars
  Line 109:30:  'canCreateCandidates' is assigned a value but never used            @typescript-eslint/no-unused-vars
  Line 115:10:  'expandedRows' is assigned a value but never used                   @typescript-eslint/no-unused-vars
  Line 115:24:  'setExpandedRows' is assigned a value but never used                @typescript-eslint/no-unused-vars
  Line 116:10:  'showDuplicateCheckModal' is assigned a value but never used        @typescript-eslint/no-unused-vars
  Line 120:11:  'flagsOptions' is assigned a value but never used                   @typescript-eslint/no-unused-vars
  Line 120:34:  'loadingStaticDropdowns' is assigned a value but never used         @typescript-eslint/no-unused-vars
  Line 160:15:  'setItemsPerPage' is assigned a value but never used                @typescript-eslint/no-unused-vars
  Line 224:26:  'setVisibleColumns' is assigned a value but never used              @typescript-eslint/no-unused-vars
  Line 443:9:   'handleSelectExistingCandidate' is assigned a value but never used  @typescript-eslint/no-unused-vars

src\components\components\modals\MapJobsToCandidateModal.tsx
  Line 6:8:    'FilterBar' is defined but never used              @typescript-eslint/no-unused-vars
  Line 7:8:    'TabNavBar' is defined but never used              @typescript-eslint/no-unused-vars
  Line 10:8:   'Badge' is defined but never used                  @typescript-eslint/no-unused-vars
  Line 14:10:  'createDisplayName' is defined but never used      @typescript-eslint/no-unused-vars
  Line 43:5:   'itemsPerPage' is assigned a value but never used  @typescript-eslint/no-unused-vars

src\components\layouts\DashboardLayout\DashboardLayout.tsx
  Line 4:26:   'UserData' is defined but never used                                                                                  @typescript-eslint/no-unused-vars
  Line 219:6:  React Hook useEffect has a missing dependency: 'getAvatarFallback'. Either include it or remove the dependency array  react-hooks/exhaustive-deps

src\components\molecules\AvatarUpload\AvatarUpload.tsx
  Line 75:9:  'handleRemoveFile' is assigned a value but never used  @typescript-eslint/no-unused-vars

src\components\molecules\ColumnSelector\ColumnSelector.tsx
  Line 3:8:  'Icon' is defined but never used  @typescript-eslint/no-unused-vars

src\components\molecules\CommonFormFields\CommonFormFields.tsx
  Line 9:10:  'DropdownOption' is defined but never used  @typescript-eslint/no-unused-vars

src\components\molecules\DataTable\ExpandableDataTable.tsx
  Line 4:8:  'Badge' is defined but never used  @typescript-eslint/no-unused-vars

src\components\molecules\EditModal\EditModal.tsx
  Line 4:8:  'Icon' is defined but never used  @typescript-eslint/no-unused-vars

src\components\molecules\EnhancedTagsInput\EnhancedTagsInput.tsx
  Line 45:10:  'isInputFocused' is assigned a value but never used                                                                         @typescript-eslint/no-unused-vars
  Line 60:27:  React Hook useCallback received a function whose dependencies are unknown. Pass an inline function instead                  react-hooks/exhaustive-deps
  Line 171:5:  React Hook useCallback has a missing dependency: 'handleSuggestionClick'. Either include it or remove the dependency array  react-hooks/exhaustive-deps

src\components\molecules\SearchDropdown\SearchDropdown.tsx
  Line 228:9:  'allOpts' is assigned a value but never used  @typescript-eslint/no-unused-vars

src\components\molecules\TagsInput\TagsInput.tsx
  Line 75:8:    React Hook useEffect has a missing dependency: 'tags'. Either include it or remove the dependency array                  react-hooks/exhaustive-deps
  Line 91:7:    React Hook useImperativeHandle has an unnecessary dependency: 'input'. Either exclude it or remove the dependency array  react-hooks/exhaustive-deps
  Line 170:11:  'hasContent' is assigned a value but never used                                                                          @typescript-eslint/no-unused-vars

src\components\molecules\TextAreaField\TextAreaField.tsx
  Line 2:8:  'FormField' is defined but never used  @typescript-eslint/no-unused-vars

src\components\organisms\CandidateSearchModal\CandidateSearchModal.tsx
  Line 67:12:  'designationError' is assigned a value but never used  @typescript-eslint/no-unused-vars

src\components\organisms\CandidateSteps\DocumentsOthersStep.tsx
  Line 5:10:    'FormUtils' is defined but never used                                                                                                                                                                                            @typescript-eslint/no-unused-vars
  Line 18:3:    'DocumentUploadResponse' is defined but never used                                                                                                                                                                               @typescript-eslint/no-unused-vars
  Line 21:10:   'transformDocumentForAPI' is defined but never used                                                                                                                                                                              @typescript-eslint/no-unused-vars
  Line 186:12:  'documentTypeError' is assigned a value but never used                                                                                                                                                                           @typescript-eslint/no-unused-vars
  Line 224:10:  'documentTouched' is assigned a value but never used                                                                                                                                                                             @typescript-eslint/no-unused-vars
  Line 232:10:  'loadingDocumentTypes' is assigned a value but never used                                                                                                                                                                        @typescript-eslint/no-unused-vars
  Line 244:10:  'sourceDetailsTouched' is assigned a value but never used                                                                                                                                                                        @typescript-eslint/no-unused-vars
  Line 491:6:   React Hook useEffect has missing dependencies: 'activeDocumentForms', 'isDocumentFormValid', and 'saveDocument'. Either include them or remove the dependency array                                                              react-hooks/exhaustive-deps
  Line 503:9:   'openModal' is assigned a value but never used                                                                                                                                                                                   @typescript-eslint/no-unused-vars
  Line 572:9:   'convertIdToLabel' is assigned a value but never used                                                                                                                                                                            @typescript-eslint/no-unused-vars
  Line 593:9:   'handleTabNext' is assigned a value but never used                                                                                                                                                                               @typescript-eslint/no-unused-vars
  Line 605:9:   'handleTabPrevious' is assigned a value but never used                                                                                                                                                                           @typescript-eslint/no-unused-vars
  Line 1111:6:  React Hook useCallback has missing dependencies: 'isDocumentFormValid', 'isSourceDetailsValid', 'saveDocument', and 'validateSourceDetailsField'. Either include them or remove the dependency array                             react-hooks/exhaustive-deps
  Line 1131:6:  React Hook useEffect has a missing dependency: 'onChange'. Either include it or remove the dependency array. If 'onChange' changes too often, find the parent component that defines it and wrap that definition in useCallback  react-hooks/exhaustive-deps
  Line 1134:9:  'handleNext' is assigned a value but never used                                                                                                                                                                                  @typescript-eslint/no-unused-vars
  Line 1144:9:  'handlePrevious' is assigned a value but never used                                                                                                                                                                              @typescript-eslint/no-unused-vars

src\components\organisms\CandidateSteps\EducationSkillsStep.tsx
  Line 20:3:    'useStaticDropdowns' is defined but never used                                                                                                                                                                                   @typescript-eslint/no-unused-vars
  Line 28:10:   'EDUCATION_TYPE_IDS' is defined but never used                                                                                                                                                                                   @typescript-eslint/no-unused-vars
  Line 87:34:   'setCurrentEducationTypeId' is assigned a value but never used                                                                                                                                                                   @typescript-eslint/no-unused-vars
  Line 89:27:   'setCurrentDegreeId' is assigned a value but never used                                                                                                                                                                          @typescript-eslint/no-unused-vars
  Line 141:14:  'degreeOptions' is assigned a value but never used                                                                                                                                                                               @typescript-eslint/no-unused-vars
  Line 142:14:  'degreeLoading' is assigned a value but never used                                                                                                                                                                               @typescript-eslint/no-unused-vars
  Line 144:13:  'searchDegree' is assigned a value but never used                                                                                                                                                                                @typescript-eslint/no-unused-vars
  Line 148:14:  'subjectOptions' is assigned a value but never used                                                                                                                                                                              @typescript-eslint/no-unused-vars
  Line 149:14:  'subjectLoading' is assigned a value but never used                                                                                                                                                                              @typescript-eslint/no-unused-vars
  Line 151:13:  'searchSubject' is assigned a value but never used                                                                                                                                                                               @typescript-eslint/no-unused-vars
  Line 188:10:  'skillCategory' is assigned a value but never used                                                                                                                                                                               @typescript-eslint/no-unused-vars
  Line 188:25:  'setSkillCategory' is assigned a value but never used                                                                                                                                                                            @typescript-eslint/no-unused-vars
  Line 261:6:   React Hook useEffect has a missing dependency: 'additionalSkills'. Either include it or remove the dependency array                                                                                                              react-hooks/exhaustive-deps
  Line 271:6:   React Hook useEffect has a missing dependency: 'primarySkills'. Either include it or remove the dependency array                                                                                                                 react-hooks/exhaustive-deps
  Line 778:13:  'apiFormattedEducation' is assigned a value but never used                                                                                                                                                                       @typescript-eslint/no-unused-vars
  Line 940:6:   React Hook useEffect has missing dependencies: 'activeEducationForms', 'cascadingDropdowns', 'educationTypeOptions', 'fetchDegreeOptions', and 'fetchSubjectOptions'. Either include them or remove the dependency array         react-hooks/exhaustive-deps
  Line 1121:6:  React Hook useCallback has missing dependencies: 'saveEducation' and 'saveSkill'. Either include them or remove the dependency array                                                                                             react-hooks/exhaustive-deps
  Line 1146:6:  React Hook useEffect has a missing dependency: 'onChange'. Either include it or remove the dependency array. If 'onChange' changes too often, find the parent component that defines it and wrap that definition in useCallback  react-hooks/exhaustive-deps
  Line 1159:9:  'getSubjectOptionFromValue' is assigned a value but never used                                                                                                                                                                   @typescript-eslint/no-unused-vars

src\components\organisms\CandidateSteps\EmploymentProjectsStep.tsx
  Line 9:8:      'AsyncSelect' is defined but never used                                                                                                                                                                                                 @typescript-eslint/no-unused-vars
  Line 436:10:   'certificationTouched' is assigned a value but never used                                                                                                                                                                               @typescript-eslint/no-unused-vars
  Line 442:9:    'certificationOptions' is assigned a value but never used                                                                                                                                                                               @typescript-eslint/no-unused-vars
  Line 588:6:    React Hook useEffect has missing dependencies: 'activeCertificationForms', 'activeEmploymentForms', 'activeProjectForms', 'saveCertification', 'saveEmployment', and 'saveProject'. Either include them or remove the dependency array  react-hooks/exhaustive-deps
  Line 600:9:    'openModal' is assigned a value but never used                                                                                                                                                                                          @typescript-eslint/no-unused-vars
  Line 655:9:    'getCityOptionFromValue' is assigned a value but never used                                                                                                                                                                             @typescript-eslint/no-unused-vars
  Line 755:9:    'getMinimumEmploymentFromDate' is assigned a value but never used                                                                                                                                                                       @typescript-eslint/no-unused-vars
  Line 828:9:    'handleTabNext' is assigned a value but never used                                                                                                                                                                                      @typescript-eslint/no-unused-vars
  Line 841:9:    'handleTabPrevious' is assigned a value but never used                                                                                                                                                                                  @typescript-eslint/no-unused-vars
  Line 1061:9:   'getCertificationFieldError' is assigned a value but never used                                                                                                                                                                         @typescript-eslint/no-unused-vars
  Line 1068:11:  'value' is assigned a value but never used                                                                                                                                                                                              @typescript-eslint/no-unused-vars
  Line 1290:17:  'apiFormattedEmployment' is assigned a value but never used                                                                                                                                                                             @typescript-eslint/no-unused-vars
  Line 1806:29:  'autoSaveAllForms' is assigned a value but never used                                                                                                                                                                                   @typescript-eslint/no-unused-vars
  Line 1868:6:   React Hook useCallback has missing dependencies: 'saveCertification', 'saveEmployment', and 'saveProject'. Either include them or remove the dependency array                                                                           react-hooks/exhaustive-deps
  Line 1898:6:   React Hook useEffect has a missing dependency: 'onChange'. Either include it or remove the dependency array. If 'onChange' changes too often, find the parent component that defines it and wrap that definition in useCallback         react-hooks/exhaustive-deps

src\components\organisms\PersonalDetailsForm\PersonalDetailsForm.tsx
  Line 133:6:  React Hook useEffect has a missing dependency: 'onPanValidationChange'. Either include it or remove the dependency array. If 'onPanValidationChange' changes too often, find the parent component that defines it and wrap that definition in useCallback  react-hooks/exhaustive-deps
  Line 191:9:  'shouldDisableField' is assigned a value but never used                                                                                                                                                                                                    @typescript-eslint/no-unused-vars
  Line 276:6:  React Hook useEffect has a missing dependency: 'refreshCandidateIdForSubmission'. Either include it or remove the dependency array                                                                                                                         react-hooks/exhaustive-deps

src\components\organisms\ProfessionalDetailsForm\ProfessionalDetailsForm.tsx
  Line 1:27:    'useCallback' is defined but never used                    @typescript-eslint/no-unused-vars
  Line 5:3:     'SectionHeader' is defined but never used                  @typescript-eslint/no-unused-vars
  Line 198:12:  'currentLocationError' is assigned a value but never used  @typescript-eslint/no-unused-vars
  Line 284:9:   'openModal' is assigned a value but never used             @typescript-eslint/no-unused-vars

src\components\organisms\SkillMetrics\SkillMetrics.tsx
  Line 6:8:    'Badge' is defined but never used                          @typescript-eslint/no-unused-vars
  Line 41:11:  'getLevelBadgeVariant' is assigned a value but never used  @typescript-eslint/no-unused-vars

src\components\pages\AddCandidate.tsx
  Line 88:10:   'isSubmitting' is assigned a value but never used        @typescript-eslint/no-unused-vars
  Line 173:9:   'handleResumeUpload' is assigned a value but never used  @typescript-eslint/no-unused-vars
  Line 832:11:  'extractArrayValues' is assigned a value but never used  @typescript-eslint/no-unused-vars

src\components\pages\AddClient\AddClient.tsx
  Line 1:27:   'useRef' is defined but never used        @typescript-eslint/no-unused-vars
  Line 13:10:  'isAlpha' is defined but never used       @typescript-eslint/no-unused-vars
  Line 16:10:  'isURL' is defined but never used         @typescript-eslint/no-unused-vars
  Line 18:25:  Unnecessary escape character: \-          no-useless-escape
  Line 18:36:  Unnecessary escape character: \-          no-useless-escape
  Line 19:15:  Unnecessary escape character: \-          no-useless-escape
  Line 22:10:  'isPostalCode' is defined but never used  @typescript-eslint/no-unused-vars

src\components\pages\AddClient\BusinessStep.tsx
  Line 2:8:     'Select' is defined but never used                                                                                                                                                                                                                            @typescript-eslint/no-unused-vars
  Line 4:8:     'SelectField' is defined but never used                                                                                                                                                                                                                       @typescript-eslint/no-unused-vars
  Line 18:7:    'statusOptions' is assigned a value but never used                                                                                                                                                                                                            @typescript-eslint/no-unused-vars
  Line 29:7:    'indianStates' is assigned a value but never used                                                                                                                                                                                                             @typescript-eslint/no-unused-vars
  Line 38:10:   'isPostalCode' is defined but never used                                                                                                                                                                                                                      @typescript-eslint/no-unused-vars
  Line 43:25:   Unnecessary escape character: \-                                                                                                                                                                                                                              no-useless-escape
  Line 43:36:   Unnecessary escape character: \-                                                                                                                                                                                                                              no-useless-escape
  Line 44:15:   Unnecessary escape character: \-                                                                                                                                                                                                                              no-useless-escape
  Line 124:6:   React Hook useEffect has missing dependencies: 'formData.logoPreview' and 'onChange'. Either include them or remove the dependency array. If 'onChange' changes too often, find the parent component that defines it and wrap that definition in useCallback  react-hooks/exhaustive-deps
  Line 553:6:   React Hook useEffect has a missing dependency: 'fetchMspAdditionOptionsInternal'. Either include it or remove the dependency array                                                                                                                            react-hooks/exhaustive-deps
  Line 563:6:   React Hook useEffect has a missing dependency: 'fetchMspAdditionOptionsInternal'. Either include it or remove the dependency array                                                                                                                            react-hooks/exhaustive-deps
  Line 623:6:   React Hook useCallback has missing dependencies: 'tabs' and 'validateCurrentTab'. Either include them or remove the dependency array                                                                                                                          react-hooks/exhaustive-deps
  Line 643:6:   React Hook useCallback has a missing dependency: 'tabs'. Either include it or remove the dependency array                                                                                                                                                     react-hooks/exhaustive-deps
  Line 655:6:   React Hook useEffect has missing dependencies: 'activeTab' and 'onChange'. Either include them or remove the dependency array. If 'onChange' changes too often, find the parent component that defines it and wrap that definition in useCallback             react-hooks/exhaustive-deps
  Line 658:9:   'countryOptions' is assigned a value but never used                                                                                                                                                                                                           @typescript-eslint/no-unused-vars
  Line 662:9:   'stateOptions' is assigned a value but never used                                                                                                                                                                                                             @typescript-eslint/no-unused-vars
  Line 669:9:   'cityOptions' is assigned a value but never used                                                                                                                                                                                                              @typescript-eslint/no-unused-vars
  Line 1024:7:  Duplicate case label                                                                                                                                                                                                                                          no-duplicate-case

src\components\pages\AddClient\ContactsStep.tsx
  Line 118:9:  'portalTarget' is assigned a value but never used                                                                    @typescript-eslint/no-unused-vars
  Line 851:6:  React Hook useEffect has a missing dependency: 'countryCodesData'. Either include it or remove the dependency array  react-hooks/exhaustive-deps

src\components\pages\AddClient\ContractStep.tsx
  Line 3:8:    'EnhancedInputField' is defined but never used                                                                          @typescript-eslint/no-unused-vars
  Line 256:6:  React Hook useCallback has a missing dependency: 'validateContracts'. Either include it or remove the dependency array  react-hooks/exhaustive-deps

src\components\pages\AddClient\DocumentsStep.tsx
  Line 450:6:  React Hook useCallback has a missing dependency: 'validateDocuments'. Either include it or remove the dependency array  react-hooks/exhaustive-deps

src\components\pages\AddJob\AddJob.tsx
  Line 124:10:  'isSubmitting' is assigned a value but never used                                                                 @typescript-eslint/no-unused-vars
  Line 188:6:   React Hook useMemo has a missing dependency: 'skillCategories'. Either include it or remove the dependency array  react-hooks/exhaustive-deps
  Line 663:6:   React Hook useMemo has a missing dependency: 'createdByUser'. Either include it or remove the dependency array    react-hooks/exhaustive-deps

src\components\pages\AddJob\ClientStep.tsx
  Line 35:10:  'selectedContactData' is assigned a value but never used                                                                                                                                                                                                                  @typescript-eslint/no-unused-vars
  Line 94:6:   React Hook useEffect has missing dependencies: 'formData.client', 'onChange', and 'updateClient'. Either include them or remove the dependency array. If 'onChange' changes too often, find the parent component that defines it and wrap that definition in useCallback  react-hooks/exhaustive-deps

src\components\pages\AddJob\RecruitmentStep.tsx
  Line 33:5:  'loading' is assigned a value but never used                                                                                                       @typescript-eslint/no-unused-vars
  Line 50:6:  React Hook useEffect has missing dependencies: 'fetchJobId' and 'formData.requirement.job_id'. Either include them or remove the dependency array  react-hooks/exhaustive-deps

src\components\pages\AddSupplier\AddSupplier.tsx
  Line 1:27:  'useRef' is defined but never used  @typescript-eslint/no-unused-vars

src\components\pages\AddSupplier\BusinessStep.tsx
  Line 8:10:    'Country' is defined but never used                          @typescript-eslint/no-unused-vars
  Line 8:19:    'State' is defined but never used                            @typescript-eslint/no-unused-vars
  Line 8:26:    'City' is defined but never used                             @typescript-eslint/no-unused-vars
  Line 9:10:    'apiCall' is defined but never used                          @typescript-eslint/no-unused-vars
  Line 9:19:    'API_ENDPOINTS' is defined but never used                    @typescript-eslint/no-unused-vars
  Line 10:10:   'useDebouncedCallback' is defined but never used             @typescript-eslint/no-unused-vars
  Line 27:7:    'toTitleCase' is assigned a value but never used             @typescript-eslint/no-unused-vars
  Line 32:7:    'isValidWebsite' is assigned a value but never used          @typescript-eslint/no-unused-vars
  Line 34:20:   Unnecessary escape character: \-                             no-useless-escape
  Line 55:10:   'supplierTypeSearch' is assigned a value but never used      @typescript-eslint/no-unused-vars
  Line 93:14:   'skillCapabilityOptions' is assigned a value but never used  @typescript-eslint/no-unused-vars
  Line 94:14:   'skillCapabilityLoading' is assigned a value but never used  @typescript-eslint/no-unused-vars
  Line 95:13:   'searchSkillCapability' is assigned a value but never used   @typescript-eslint/no-unused-vars
  Line 334:24:  Unnecessary escape character: \-                             no-useless-escape

src\components\pages\AddSupplier\ContactsStep.tsx
  Line 2:8:    'Select' is defined but never used                                                                                   @typescript-eslint/no-unused-vars
  Line 4:8:    'SelectField' is defined but never used                                                                              @typescript-eslint/no-unused-vars
  Line 14:10:  'useDebouncedCallback' is defined but never used                                                                     @typescript-eslint/no-unused-vars
  Line 70:9:   'portalTarget' is assigned a value but never used                                                                    @typescript-eslint/no-unused-vars
  Line 125:6:  React Hook useEffect has a missing dependency: 'countryCodesData'. Either include it or remove the dependency array  react-hooks/exhaustive-deps

src\components\pages\AddSupplier\ContractStep.tsx
  Line 2:8:    'Select' is defined but never used                                                                                      @typescript-eslint/no-unused-vars
  Line 4:8:    'EnhancedInputField' is defined but never used                                                                          @typescript-eslint/no-unused-vars
  Line 305:6:  React Hook useCallback has a missing dependency: 'validateContracts'. Either include it or remove the dependency array  react-hooks/exhaustive-deps

src\components\pages\AddSupplier\DocumentsStep.tsx
  Line 2:8:    'Select' is defined but never used                                                                                      @typescript-eslint/no-unused-vars
  Line 7:10:   'apiCall' is defined but never used                                                                                     @typescript-eslint/no-unused-vars
  Line 7:19:   'API_ENDPOINTS' is defined but never used                                                                               @typescript-eslint/no-unused-vars
  Line 8:10:   'useDebouncedCallback' is defined but never used                                                                        @typescript-eslint/no-unused-vars
  Line 455:6:  React Hook useCallback has a missing dependency: 'validateDocuments'. Either include it or remove the dependency array  react-hooks/exhaustive-deps

src\components\pages\AddUser\AddUser.tsx
  Line 214:9:  'handleAvatarUpload' is assigned a value but never used  @typescript-eslint/no-unused-vars

src\components\pages\AddUser\PermissionsStep.tsx
  Line 1:28:   'useState' is defined but never used                                                                                                                                                                                                                                                @typescript-eslint/no-unused-vars
  Line 46:8:   React Hook useEffect has a missing dependency: 'refreshRoles'. Either include it or remove the dependency array                                                                                                                                                                     react-hooks/exhaustive-deps
  Line 73:11:  'permissionsToBinary' is assigned a value but never used                                                                                                                                                                                                                            @typescript-eslint/no-unused-vars
  Line 132:8:  React Hook useEffect has missing dependencies: 'getMergedRolePermissions', 'onChange', and 'selectedRoles'. Either include them or remove the dependency array. If 'onChange' changes too often, find the parent component that defines it and wrap that definition in useCallback  react-hooks/exhaustive-deps
  Line 132:9:  React Hook useEffect has a complex expression in the dependency array. Extract it to a separate variable so it can be statically checked                                                                                                                                            react-hooks/exhaustive-deps
  Line 150:8:  React Hook useEffect has missing dependencies: 'getMergedRolePermissions' and 'onChange'. Either include them or remove the dependency array. If 'onChange' changes too often, find the parent component that defines it and wrap that definition in useCallback                    react-hooks/exhaustive-deps

src\components\pages\AddUser\UserDetailsStep.tsx
  Line 10:5:    'useDropdownData' is defined but never used                                                                                                                                                                                      @typescript-eslint/no-unused-vars
  Line 11:5:    'useLocationsDropdown' is defined but never used                                                                                                                                                                                 @typescript-eslint/no-unused-vars
  Line 14:5:    'useRolesWithPermissions' is defined but never used                                                                                                                                                                              @typescript-eslint/no-unused-vars
  Line 64:8:    React Hook useEffect has a missing dependency: 'onChange'. Either include it or remove the dependency array. If 'onChange' changes too often, find the parent component that defines it and wrap that definition in useCallback  react-hooks/exhaustive-deps
  Line 110:11:  'validatePhoneNumber' is assigned a value but never used                                                                                                                                                                         @typescript-eslint/no-unused-vars

src\components\pages\AdminPanel\sections\DropdownManagement.tsx
  Line 1:51:  'useRef' is defined but never used  @typescript-eslint/no-unused-vars

src\components\pages\AdminPanel\sections\OrgHierarchy.tsx
  Line 4:19:    'OrgTreeNode' is defined but never used                                                                            @typescript-eslint/no-unused-vars
  Line 32:9:    'userId' is assigned a value but never used                                                                        @typescript-eslint/no-unused-vars
  Line 149:10:  'totalUsers' is assigned a value but never used                                                                    @typescript-eslint/no-unused-vars
  Line 149:22:  'setTotalUsers' is assigned a value but never used                                                                 @typescript-eslint/no-unused-vars
  Line 175:6:   React Hook useEffect has a missing dependency: 'fetchHierarchy'. Either include it or remove the dependency array  react-hooks/exhaustive-deps

src\components\pages\AdminPanel\sections\RolePermissions.tsx
  Line 89:6:  React Hook useEffect has a missing dependency: 'getVisibleCount'. Either include it or remove the dependency array  react-hooks/exhaustive-deps
  Line 93:6:  React Hook useEffect has a missing dependency: 'getVisibleCount'. Either include it or remove the dependency array  react-hooks/exhaustive-deps

src\components\pages\ApplicantDetail\ApplicantDetail.tsx
  Line 93:28:   'setUploadInProgress' is assigned a value but never used                                                         @typescript-eslint/no-unused-vars
  Line 113:12:  'staticDropdownsError' is assigned a value but never used                                                        @typescript-eslint/no-unused-vars
  Line 166:20:  'jobPreferenceOptions' is assigned a value but never used                                                        @typescript-eslint/no-unused-vars
  Line 166:51:  'jobPreferenceLoading' is assigned a value but never used                                                        @typescript-eslint/no-unused-vars
  Line 184:14:  'customerOptions' is assigned a value but never used                                                             @typescript-eslint/no-unused-vars
  Line 185:14:  'customerLoading' is assigned a value but never used                                                             @typescript-eslint/no-unused-vars
  Line 186:13:  'searchCustomers' is assigned a value but never used                                                             @typescript-eslint/no-unused-vars
  Line 189:14:  'projectTypeOptions' is assigned a value but never used                                                          @typescript-eslint/no-unused-vars
  Line 190:14:  'projectTypeLoading' is assigned a value but never used                                                          @typescript-eslint/no-unused-vars
  Line 191:13:  'searchProjectTypes' is assigned a value but never used                                                          @typescript-eslint/no-unused-vars
  Line 194:14:  'employersOptions' is assigned a value but never used                                                            @typescript-eslint/no-unused-vars
  Line 195:14:  'employersLoading' is assigned a value but never used                                                            @typescript-eslint/no-unused-vars
  Line 196:13:  'searchEmployers' is assigned a value but never used                                                             @typescript-eslint/no-unused-vars
  Line 200:14:  'industryOptions' is assigned a value but never used                                                             @typescript-eslint/no-unused-vars
  Line 201:14:  'industryLoading' is assigned a value but never used                                                             @typescript-eslint/no-unused-vars
  Line 202:13:  'searchIndustries' is assigned a value but never used                                                            @typescript-eslint/no-unused-vars
  Line 278:6:   React Hook useEffect has a missing dependency: 'editFormData'. Either include it or remove the dependency array  react-hooks/exhaustive-deps
  Line 345:9:   'handleFavorite' is assigned a value but never used                                                              @typescript-eslint/no-unused-vars

src\components\pages\ApplicantDetail\api.ts
  Line 6:3:    'transformCertificationForAPI' is defined but never used  @typescript-eslint/no-unused-vars
  Line 7:3:    'transformDocumentForAPI' is defined but never used       @typescript-eslint/no-unused-vars
  Line 8:3:    'transformEducationForAPI' is defined but never used      @typescript-eslint/no-unused-vars
  Line 9:3:    'transformSkillForAPI' is defined but never used          @typescript-eslint/no-unused-vars
  Line 503:9:  'updateId' is assigned a value but never used             @typescript-eslint/no-unused-vars

src\components\pages\ApplicantDetail\modals\BulkDocumentsForm.tsx
  Line 592:7:   React Hook useCallback has missing dependencies: 'data.documents' and 'getDocumentFormatRule'. Either include them or remove the dependency array  react-hooks/exhaustive-deps
  Line 634:11:  'panCardExists' is assigned a value but never used                                                                                                 @typescript-eslint/no-unused-vars

src\components\pages\ApplicantDetail\modals\BulkEducationForm.tsx
  Line 14:10:  'ValidationPatterns' is defined but never used                                                                                                                                                                                                                                 @typescript-eslint/no-unused-vars
  Line 296:7:  React Hook useCallback has a missing dependency: 'educationTypeOptions'. Either include it or remove the dependency array                                                                                                                                                      react-hooks/exhaustive-deps
  Line 742:7:  React Hook useCallback has missing dependencies: 'data.education' and 'validateEducationField'. Either include them or remove the dependency array. You can also replace multiple useState variables with useReducer if 'setData' needs the current value of 'data.education'  react-hooks/exhaustive-deps

src\components\pages\ApplicantDetail\modals\BulkProjectsForm.tsx
  Line 13:82:  'useStaticDropdowns' is defined but never used                                                                                                         @typescript-eslint/no-unused-vars
  Line 100:7:  React Hook useImperativeHandle has a missing dependency: 'validateAll'. Either include it or remove the dependency array                               react-hooks/exhaustive-deps
  Line 376:7:  React Hook useCallback has missing dependencies: 'isOrganizationCurrentJob' and 'validateProject'. Either include them or remove the dependency array  react-hooks/exhaustive-deps
  Line 386:8:  React Hook useCallback has a missing dependency: 'validateAll'. Either include it or remove the dependency array                                       react-hooks/exhaustive-deps

src\components\pages\ApplicantDetail\modals\HeaderForm.tsx
  Line 83:12:  'focusedField' is assigned a value but never used                                                                           @typescript-eslint/no-unused-vars
  Line 145:8:  React Hook React.useEffect has a missing dependency: 'data.display_name'. Either include it or remove the dependency array  react-hooks/exhaustive-deps
  Line 162:8:  React Hook useEffect has a missing dependency: 'lastSentData'. Either include it or remove the dependency array             react-hooks/exhaustive-deps

src\components\pages\ApplicantDetail\modals\ProfessionalDetailsForm.tsx
  Line 72:10:   'locationError' is assigned a value but never used                                                                       @typescript-eslint/no-unused-vars
  Line 73:10:   'locationSearchTerm' is assigned a value but never used                                                                  @typescript-eslint/no-unused-vars
  Line 113:27:  React Hook useCallback received a function whose dependencies are unknown. Pass an inline function instead               react-hooks/exhaustive-deps
  Line 263:6:   React Hook useEffect has a missing dependency: 'locationOptions'. Either include it or remove the dependency array       react-hooks/exhaustive-deps
  Line 361:6:   React Hook useEffect has a missing dependency: 'convertToArrayFormat'. Either include it or remove the dependency array  react-hooks/exhaustive-deps
  Line 569:5:   React Hook useImperativeHandle has a missing dependency: 'sendData'. Either include it or remove the dependency array    react-hooks/exhaustive-deps

src\components\pages\ApplicantDetail\modals\SkillsForm.tsx
  Line 13:10:  'ValidationPatterns' is defined but never used          @typescript-eslint/no-unused-vars
  Line 302:9:  'handleRemoveSkill' is assigned a value but never used  @typescript-eslint/no-unused-vars

src\components\pages\ApplicantDetail\tabs\AppliedJobsTab.tsx
  Line 45:47:  'mutate' is assigned a value but never used  @typescript-eslint/no-unused-vars

src\components\pages\ApplicantDetail\tabs\ProjectsTab.tsx
  Line 6:8:  'Icon' is defined but never used  @typescript-eslint/no-unused-vars

src\components\pages\Applicants\Applicants.tsx
  Line 10:8:    'Avatar' is defined but never used                                                                          @typescript-eslint/no-unused-vars
  Line 11:10:   'JobListItem' is defined but never used                                                                     @typescript-eslint/no-unused-vars
  Line 261:34:  'loadingStaticDropdowns' is assigned a value but never used                                                 @typescript-eslint/no-unused-vars
  Line 492:6:   React Hook useEffect has a missing dependency: 'refetch'. Either include it or remove the dependency array  react-hooks/exhaustive-deps
  Line 505:31:  'setDeleteResultMessage' is assigned a value but never used                                                 @typescript-eslint/no-unused-vars
  Line 1051:9:  'totalCandidates' is assigned a value but never used                                                        @typescript-eslint/no-unused-vars
  Line 1254:9:  'handleDeleteSelected' is assigned a value but never used                                                   @typescript-eslint/no-unused-vars

src\components\pages\AuthCallback\AuthCallback.tsx
  Line 4:10:  'useAuth' is defined but never used  @typescript-eslint/no-unused-vars

src\components\pages\CandidateSearch\CandidateSearch.tsx
  Line 88:22:   'designationOptions' is assigned a value but never used  @typescript-eslint/no-unused-vars
  Line 88:51:   'designationLoading' is assigned a value but never used  @typescript-eslint/no-unused-vars
  Line 88:78:   'designationError' is assigned a value but never used    @typescript-eslint/no-unused-vars
  Line 88:104:  'searchDesignations' is assigned a value but never used  @typescript-eslint/no-unused-vars

src\components\pages\ClientDetail\ClientDetail.tsx
  Line 35:38:   'permissionsLoading' is assigned a value but never used       @typescript-eslint/no-unused-vars
  Line 62:46:   'relatedClientsLoading' is assigned a value but never used    @typescript-eslint/no-unused-vars
  Line 66:9:    'relatedClientsTableData' is assigned a value but never used  @typescript-eslint/no-unused-vars
  Line 2766:9:  'requiresDocumentNumber' is assigned a value but never used   @typescript-eslint/no-unused-vars

src\components\pages\Clients\Clients.tsx
  Line 7:10:    'dropdownAPI' is defined but never used                                                                     @typescript-eslint/no-unused-vars
  Line 14:8:    'Pagination' is defined but never used                                                                      @typescript-eslint/no-unused-vars
  Line 41:5:    'canUpdateClients' is assigned a value but never used                                                       @typescript-eslint/no-unused-vars
  Line 56:5:    'setActiveTab' is assigned a value but never used                                                           @typescript-eslint/no-unused-vars
  Line 58:5:    'buildURLParams' is assigned a value but never used                                                         @typescript-eslint/no-unused-vars
  Line 100:10:  'serviceOptions' is assigned a value but never used                                                         @typescript-eslint/no-unused-vars
  Line 100:26:  'setServiceOptions' is assigned a value but never used                                                      @typescript-eslint/no-unused-vars
  Line 101:10:  'loadingServices' is assigned a value but never used                                                        @typescript-eslint/no-unused-vars
  Line 101:27:  'setLoadingServices' is assigned a value but never used                                                     @typescript-eslint/no-unused-vars
  Line 231:6:   React Hook useEffect has a missing dependency: 'refetch'. Either include it or remove the dependency array  react-hooks/exhaustive-deps
  Line 459:9:   'handleSearchChange' is assigned a value but never used                                                     @typescript-eslint/no-unused-vars
  Line 482:9:   'tabCounts' is assigned a value but never used                                                              @typescript-eslint/no-unused-vars
  Line 511:9:   'handleRowClick' is assigned a value but never used                                                         @typescript-eslint/no-unused-vars
  Line 523:9:   'handleDeleteSelected' is assigned a value but never used                                                   @typescript-eslint/no-unused-vars

src\components\pages\JobDetails\JobDetails.tsx
  Line 8:3:     'JobDetailsAPI' is defined but never used             @typescript-eslint/no-unused-vars
  Line 11:3:    'JobFormData' is defined but never used               @typescript-eslint/no-unused-vars
  Line 25:8:    'CandidateSearch' is defined but never used           @typescript-eslint/no-unused-vars
  Line 115:7:   'mockSubmissions' is assigned a value but never used  @typescript-eslint/no-unused-vars
  Line 421:11:  'newCandidates' is assigned a value but never used    @typescript-eslint/no-unused-vars
  Line 562:9:   'JobHeader' is assigned a value but never used        @typescript-eslint/no-unused-vars
  Line 926:48:  Script URL is a form of eval                          no-script-url
  Line 984:40:  Script URL is a form of eval                          no-script-url
  Line 1453:9:  'ActivityContent' is assigned a value but never used  @typescript-eslint/no-unused-vars

src\components\pages\JobDetails\modals\EditJobModal.tsx
  Line 161:9:  'handleMSPToggle' is assigned a value but never used  @typescript-eslint/no-unused-vars

src\components\pages\Jobs\Jobs.tsx
  Line 18:10:   'getSimpleFlagColor' is defined but never used                                                                                   @typescript-eslint/no-unused-vars
  Line 18:50:   'getFlagColorFromMap' is defined but never used                                                                                  @typescript-eslint/no-unused-vars
  Line 143:39:  'canUpdateJobs' is assigned a value but never used                                                                               @typescript-eslint/no-unused-vars
  Line 143:54:  'canDeleteJobs' is assigned a value but never used                                                                               @typescript-eslint/no-unused-vars
  Line 149:5:   'tabCounts' is assigned a value but never used                                                                                   @typescript-eslint/no-unused-vars
  Line 179:6:   React Hook useEffect has missing dependencies: 'isValidating' and 'refetch'. Either include them or remove the dependency array  react-hooks/exhaustive-deps
  Line 191:31:  'setDeleteResultMessage' is assigned a value but never used                                                                      @typescript-eslint/no-unused-vars
  Line 196:10:  'flagColorMap' is assigned a value but never used                                                                                @typescript-eslint/no-unused-vars
  Line 773:9:   'handleRowClick' is assigned a value but never used                                                                              @typescript-eslint/no-unused-vars
  Line 800:9:   'handleDeleteSelected' is assigned a value but never used                                                                        @typescript-eslint/no-unused-vars
  Line 808:9:   'handleEditJob' is assigned a value but never used                                                                               @typescript-eslint/no-unused-vars

src\components\pages\Login\Login.tsx
  Line 141:25:  The href attribute requires a valid value to be accessible. Provide a valid, navigable address as the href value. If you cannot provide a valid href, but still need the element to resemble a link, use a button and change it with appropriate styles. Learn more: https://github.com/jsx-eslint/eslint-plugin-jsx-a11y/blob/HEAD/docs/rules/anchor-is-valid.md  jsx-a11y/anchor-is-valid
  Line 144:25:  The href attribute requires a valid value to be accessible. Provide a valid, navigable address as the href value. If you cannot provide a valid href, but still need the element to resemble a link, use a button and change it with appropriate styles. Learn more: https://github.com/jsx-eslint/eslint-plugin-jsx-a11y/blob/HEAD/docs/rules/anchor-is-valid.md  jsx-a11y/anchor-is-valid
  Line 147:25:  The href attribute requires a valid value to be accessible. Provide a valid, navigable address as the href value. If you cannot provide a valid href, but still need the element to resemble a link, use a button and change it with appropriate styles. Learn more: https://github.com/jsx-eslint/eslint-plugin-jsx-a11y/blob/HEAD/docs/rules/anchor-is-valid.md  jsx-a11y/anchor-is-valid

src\components\pages\RecruitmentDetail\RecruitmentDetail.tsx
  Line 13:8:     'Avatar' is defined but never used                                                                                              @typescript-eslint/no-unused-vars
  Line 37:7:     'getNextInterviewLevel' is assigned a value but never used                                                                      @typescript-eslint/no-unused-vars
  Line 385:9:    'handleNextStage' is assigned a value but never used                                                                            @typescript-eslint/no-unused-vars
  Line 391:9:    'handlePreviousStage' is assigned a value but never used                                                                        @typescript-eslint/no-unused-vars
  Line 415:6:    React Hook useEffect has a missing dependency: 'recruitmentStages'. Either include it or remove the dependency array            react-hooks/exhaustive-deps
  Line 503:13:   'baseStageName' is assigned a value but never used                                                                              @typescript-eslint/no-unused-vars
  Line 604:6:    React Hook useEffect has a missing dependency: 'getScheduledTimeForLevelStr'. Either include it or remove the dependency array  react-hooks/exhaustive-deps
  Line 611:6:    React Hook useEffect has a missing dependency: 'fetchRequirement'. Either include it or remove the dependency array             react-hooks/exhaustive-deps
  Line 1229:29:  'isFuture' is assigned a value but never used                                                                                   @typescript-eslint/no-unused-vars

src\components\pages\RecruitmentDetail\tabs\EducationTab.tsx
  Line 7:10:  'formatMonthYear' is defined but never used  @typescript-eslint/no-unused-vars

src\components\pages\Recruitment\Recruitment.tsx
  Line 23:8:    'Button' is defined but never used                   @typescript-eslint/no-unused-vars
  Line 24:8:    'Text' is defined but never used                     @typescript-eslint/no-unused-vars
  Line 26:10:   'formatUIDate' is defined but never used             @typescript-eslint/no-unused-vars
  Line 34:24:   'canDeleteJobs' is assigned a value but never used   @typescript-eslint/no-unused-vars
  Line 61:10:   'isExportingAll' is assigned a value but never used  @typescript-eslint/no-unused-vars
  Line 478:27:  'error' is assigned a value but never used           @typescript-eslint/no-unused-vars

src\components\pages\SupplierDetail\Modal\EditAddContact.tsx
  Line 7:23:   'AsyncSelectOption' is defined but never used  @typescript-eslint/no-unused-vars
  Line 11:24:  'SupplierContact' is defined but never used    @typescript-eslint/no-unused-vars

src\components\pages\SupplierDetail\Modal\EditAddContract.tsx
  Line 6:8:    'EnhancedInputField' is defined but never used              @typescript-eslint/no-unused-vars
  Line 58:30:  'setContractTypeSearch' is assigned a value but never used  @typescript-eslint/no-unused-vars
  Line 63:29:  'setPaymentTermSearch' is assigned a value but never used   @typescript-eslint/no-unused-vars
  Line 68:29:  'setPaymentTypeSearch' is assigned a value but never used   @typescript-eslint/no-unused-vars

src\components\pages\SupplierDetail\Modal\EditAddDocument.tsx
  Line 359:9:  'isDocumentsValidNoSet' is assigned a value but never used  @typescript-eslint/no-unused-vars

src\components\pages\SupplierDetail\Modal\EditSupplierInformation.tsx
  Line 7:8:    'EnhancedInputField' is defined but never used             @typescript-eslint/no-unused-vars
  Line 43:28:  'setCapabilitySearch' is assigned a value but never used   @typescript-eslint/no-unused-vars
  Line 59:14:  'branchesLoading' is assigned a value but never used       @typescript-eslint/no-unused-vars
  Line 69:9:   'selectedSupplierType' is assigned a value but never used  @typescript-eslint/no-unused-vars
  Line 70:9:   'selectedIndustry' is assigned a value but never used      @typescript-eslint/no-unused-vars
  Line 71:9:   'selectedCategory' is assigned a value but never used      @typescript-eslint/no-unused-vars
  Line 75:9:   'selectedCapability' is assigned a value but never used    @typescript-eslint/no-unused-vars
  Line 79:9:   'selectedBranches' is assigned a value but never used      @typescript-eslint/no-unused-vars

src\components\pages\SupplierDetail\SupplierDetail.tsx
  Line 256:5:  Unreachable code                                                                                                            no-unreachable
  Line 466:6:  React Hook useEffect has a missing dependency: 'setContactsCurrentPage'. Either include it or remove the dependency array   react-hooks/exhaustive-deps
  Line 472:6:  React Hook useEffect has a missing dependency: 'setDocumentsCurrentPage'. Either include it or remove the dependency array  react-hooks/exhaustive-deps

src\components\pages\SupplierDetail\SupplierHeader.tsx
  Line 4:8:  'Button' is defined but never used  @typescript-eslint/no-unused-vars

src\components\pages\Suppliers\Suppliers.tsx
  Line 26:8:   'Avatar' is defined but never used                         @typescript-eslint/no-unused-vars
  Line 38:5:   'canDeleteSuppliers' is assigned a value but never used    @typescript-eslint/no-unused-vars
  Line 577:9:  'handleRowClick' is assigned a value but never used        @typescript-eslint/no-unused-vars
  Line 581:9:  'handleDeleteSelected' is assigned a value but never used  @typescript-eslint/no-unused-vars

src\components\pages\UserDetail\UserDetail.tsx
  Line 32:3:  'useDropdownData' is defined but never used  @typescript-eslint/no-unused-vars

src\components\pages\Users\Users.tsx
  Line 791:9:  'handleDeleteSelected' is assigned a value but never used  @typescript-eslint/no-unused-vars

src\components\templates\FormWizardLayout\FormWizardLayout.tsx
  Line 85:9:   'getStepValidationStatus' is assigned a value but never used  @typescript-eslint/no-unused-vars
  Line 491:9:  'handleSaveAsDraft' is assigned a value but never used        @typescript-eslint/no-unused-vars

src\hooks\useCitiesDropdown.ts
  Line 153:27:  React Hook useCallback received a function whose dependencies are unknown. Pass an inline function instead  react-hooks/exhaustive-deps

src\hooks\useClients.ts
  Line 1:44:   'useMemo' is defined but never used                                                                         @typescript-eslint/no-unused-vars
  Line 16:27:  React Hook useCallback received a function whose dependencies are unknown. Pass an inline function instead  react-hooks/exhaustive-deps

src\hooks\useContactValidation.ts
  Line 41:8:  React Hook useEffect has a missing dependency: 'value'. Either include it or remove the dependency array  react-hooks/exhaustive-deps

src\hooks\useDropdowns.ts
  Line 2:62:     'StaticDropdownsResponse' is defined but never used                                                             @typescript-eslint/no-unused-vars
  Line 3:26:     'SelectOption' is defined but never used                                                                        @typescript-eslint/no-unused-vars
  Line 107:29:   React Hook useCallback received a function whose dependencies are unknown. Pass an inline function instead      react-hooks/exhaustive-deps
  Line 184:29:   React Hook useCallback received a function whose dependencies are unknown. Pass an inline function instead      react-hooks/exhaustive-deps
  Line 240:29:   React Hook useCallback received a function whose dependencies are unknown. Pass an inline function instead      react-hooks/exhaustive-deps
  Line 302:29:   React Hook useCallback received a function whose dependencies are unknown. Pass an inline function instead      react-hooks/exhaustive-deps
  Line 369:29:   React Hook useCallback received a function whose dependencies are unknown. Pass an inline function instead      react-hooks/exhaustive-deps
  Line 429:29:   React Hook useCallback received a function whose dependencies are unknown. Pass an inline function instead      react-hooks/exhaustive-deps
  Line 485:29:   React Hook useCallback received a function whose dependencies are unknown. Pass an inline function instead      react-hooks/exhaustive-deps
  Line 541:29:   React Hook useCallback received a function whose dependencies are unknown. Pass an inline function instead      react-hooks/exhaustive-deps
  Line 659:29:   React Hook useCallback received a function whose dependencies are unknown. Pass an inline function instead      react-hooks/exhaustive-deps
  Line 717:29:   React Hook useCallback received a function whose dependencies are unknown. Pass an inline function instead      react-hooks/exhaustive-deps
  Line 773:29:   React Hook useCallback received a function whose dependencies are unknown. Pass an inline function instead      react-hooks/exhaustive-deps
  Line 829:29:   React Hook useCallback received a function whose dependencies are unknown. Pass an inline function instead      react-hooks/exhaustive-deps
  Line 910:9:    React Hook useMemo has a missing dependency: 'initialLoaded'. Either include it or remove the dependency array  react-hooks/exhaustive-deps
  Line 969:9:    React Hook useMemo has a missing dependency: 'initialLoaded'. Either include it or remove the dependency array  react-hooks/exhaustive-deps
  Line 1028:9:   React Hook useMemo has a missing dependency: 'initialLoaded'. Either include it or remove the dependency array  react-hooks/exhaustive-deps
  Line 1087:9:   React Hook useMemo has a missing dependency: 'initialLoaded'. Either include it or remove the dependency array  react-hooks/exhaustive-deps
  Line 1218:9:   React Hook useMemo has a missing dependency: 'initialLoaded'. Either include it or remove the dependency array  react-hooks/exhaustive-deps
  Line 1277:9:   React Hook useMemo has a missing dependency: 'initialLoaded'. Either include it or remove the dependency array  react-hooks/exhaustive-deps
  Line 1319:29:  React Hook useCallback received a function whose dependencies are unknown. Pass an inline function instead      react-hooks/exhaustive-deps
  Line 1509:25:  React Hook useCallback received a function whose dependencies are unknown. Pass an inline function instead      react-hooks/exhaustive-deps
  Line 1574:29:  React Hook useCallback received a function whose dependencies are unknown. Pass an inline function instead      react-hooks/exhaustive-deps
  Line 1630:29:  React Hook useCallback received a function whose dependencies are unknown. Pass an inline function instead      react-hooks/exhaustive-deps
  Line 1685:29:  React Hook useCallback received a function whose dependencies are unknown. Pass an inline function instead      react-hooks/exhaustive-deps

src\hooks\useJobs.ts
  Line 20:5:  'enableAutoRefresh' is assigned a value but never used  @typescript-eslint/no-unused-vars
  Line 21:5:  'refreshInterval' is assigned a value but never used    @typescript-eslint/no-unused-vars
  Line 39:5:  'buildURLParams' is assigned a value but never used     @typescript-eslint/no-unused-vars

src\hooks\useOrganizationDropdown.ts
  Line 14:29:  React Hook useCallback received a function whose dependencies are unknown. Pass an inline function instead  react-hooks/exhaustive-deps

src\hooks\usePanValidation.ts
  Line 40:8:  React Hook useEffect has a missing dependency: 'value'. Either include it or remove the dependency array  react-hooks/exhaustive-deps

src\hooks\usePermissions.ts
  Line 3:10:   'useSWR' is defined but never used                    @typescript-eslint/no-unused-vars
  Line 14:19:  'checkSuperAdmin' is defined but never used           @typescript-eslint/no-unused-vars
  Line 22:17:  'isAuthenticated' is assigned a value but never used  @typescript-eslint/no-unused-vars

src\hooks\useSupplierDropdowns.ts
  Line 78:27:   React Hook useCallback received a function whose dependencies are unknown. Pass an inline function instead  react-hooks/exhaustive-deps
  Line 134:27:  React Hook useCallback received a function whose dependencies are unknown. Pass an inline function instead  react-hooks/exhaustive-deps
  Line 190:27:  React Hook useCallback received a function whose dependencies are unknown. Pass an inline function instead  react-hooks/exhaustive-deps
  Line 263:27:  React Hook useCallback received a function whose dependencies are unknown. Pass an inline function instead  react-hooks/exhaustive-deps
  Line 319:27:  React Hook useCallback received a function whose dependencies are unknown. Pass an inline function instead  react-hooks/exhaustive-deps
  Line 392:27:  React Hook useCallback received a function whose dependencies are unknown. Pass an inline function instead  react-hooks/exhaustive-deps
  Line 465:27:  React Hook useCallback received a function whose dependencies are unknown. Pass an inline function instead  react-hooks/exhaustive-deps
  Line 553:27:  React Hook useCallback received a function whose dependencies are unknown. Pass an inline function instead  react-hooks/exhaustive-deps
  Line 613:27:  React Hook useCallback received a function whose dependencies are unknown. Pass an inline function instead  react-hooks/exhaustive-deps
  Line 669:27:  React Hook useCallback received a function whose dependencies are unknown. Pass an inline function instead  react-hooks/exhaustive-deps
  Line 725:27:  React Hook useCallback received a function whose dependencies are unknown. Pass an inline function instead  react-hooks/exhaustive-deps
  Line 802:27:  React Hook useCallback received a function whose dependencies are unknown. Pass an inline function instead  react-hooks/exhaustive-deps
  Line 866:27:  React Hook useCallback received a function whose dependencies are unknown. Pass an inline function instead  react-hooks/exhaustive-deps
  Line 926:27:  React Hook useCallback received a function whose dependencies are unknown. Pass an inline function instead  react-hooks/exhaustive-deps

src\hooks\useTabBasedAutoSave.ts
  Line 33:8:  React Hook useCallback has a missing dependency: 'configs'. Either include it or remove the dependency array         react-hooks/exhaustive-deps
  Line 46:8:  React Hook useCallback has a missing dependency: 'configs'. Either include it or remove the dependency array         react-hooks/exhaustive-deps
  Line 53:8:  React Hook useEffect has a missing dependency: 'autoSaveAllForms'. Either include it or remove the dependency array  react-hooks/exhaustive-deps

src\hooks\useURLPagination.ts
  Line 267:8:  React Hook useEffect has missing dependencies: 'activeTab', 'currentPage', 'limit', 'searchParams', and 'searchTerm'. Either include them or remove the dependency array  react-hooks/exhaustive-deps
  Line 267:9:  React Hook useEffect has a complex expression in the dependency array. Extract it to a separate variable so it can be statically checked                                  react-hooks/exhaustive-deps

src\hooks\useUnsavedChangesWarning.ts
  Line 2:57:  'Navigator' is defined but never used                                                                                     @typescript-eslint/no-unused-vars
  Line 37:8:  React Hook useEffect has a missing dependency: 'shouldBlockNavigation'. Either include it or remove the dependency array  react-hooks/exhaustive-deps
  Line 87:8:  React Hook useEffect has a missing dependency: 'shouldBlockNavigation'. Either include it or remove the dependency array  react-hooks/exhaustive-deps

src\hooks\useUserFieldValidation.ts
  Line 42:8:  React Hook useEffect has a missing dependency: 'value'. Either include it or remove the dependency array  react-hooks/exhaustive-deps

src\index.tsx
  Line 6:13:  'serviceWorkerRegistration' is defined but never used  @typescript-eslint/no-unused-vars

src\services\adminService.ts
  Line 26:7:  'MOCK_ORG_USERS' is assigned a value but never used  @typescript-eslint/no-unused-vars

src\utils\api\netWrapper.ts
  Line 1:10:  'useAuth' is defined but never used  @typescript-eslint/no-unused-vars

src\utils\api\useAPI.ts
  Line 4:28:   'FetchState' is defined but never used                                                                                                  @typescript-eslint/no-unused-vars
  Line 38:13:  'user' is assigned a value but never used                                                                                               @typescript-eslint/no-unused-vars
  Line 51:9:   React Hook useMemo has a missing dependency: 'options'. Either include it or remove the dependency array                                react-hooks/exhaustive-deps
  Line 51:83:  React Hook useMemo has a complex expression in the dependency array. Extract it to a separate variable so it can be statically checked  react-hooks/exhaustive-deps

src\utils\parse-resume-from-pdf\extract-docx-data.ts
  Line 210:14:  Unnecessary escape character: \/  no-useless-escape
  Line 263:32:  Unnecessary escape character: \/  no-useless-escape

src\utils\parse-resume-from-pdf\extract-resume-from-sections\extract-education.ts
  Line 32:13:  Unnecessary escape character: \.  no-useless-escape

src\utils\textUtils.ts
  Line 44:45:  Unnecessary escape character: \+  no-useless-escape

Search for the keywords to learn more about each warning.
To ignore, add // eslint-disable-next-line to the line before.

File sizes after gzip:

  3.41 MB   build\static\js\main.eeaf6e16.js
  19.83 kB  build\static\css\main.a95e846f.css
  1.76 kB   build\static\js\453.01e6fa41.chunk.js

The bundle size is significantly larger than recommended.
Consider reducing it with code splitting: https://goo.gl/9VhYWB
You can also analyze the project dependencies: https://goo.gl/LeUzfb

The project was built assuming it is hosted at /.
You can control this with the homepage field in your package.json.

The build folder is ready to be deployed.
You may serve it with a static server:

  npm install -g serve
  serve -s build

Find out more about deployment here:

  https://cra.link/deployment

